
> smart-education@0.1.0 build
> next build

node.exe : ΓÜá 
Warning: Next.js 
inferred your 
workspace root, but 
it may not be 
correct.
At line:1 char:1
+ & "C:\Program Files
\nodejs/node.exe" 
"C:\Program 
Files\nodejs/node_mo 
...
+ ~~~~~~~~~~~~~~~~~~~
~~~~~~~~~~~~~~~~~~~~~
~~~~~~~~~~~~~~~~~~~~~
~~~~~~~~
    + CategoryInfo   
           : NotSpe  
  cified: (ΓÜá War   
 ning: Ne...not b    
e correct.:Strin    
g) [], RemoteExc    
eption
    + FullyQualified 
   ErrorId : Native  
  CommandError
 
 We detected 
multiple lockfiles 
and selected the 
directory of 
C:\Users\Prasanth 
S\package-lock.json 
as the root 
directory.
 To silence this 
warning, set 
`turbopack.root` in 
your Next.js config, 
or consider removing 
one of the lockfiles 
if it's not needed.
   See https://nextjs
.org/docs/app/api-ref
erence/config/next-co
nfig-js/turbopack#roo
t-directory for more 
information.
 Detected additional 
lockfiles: 
   * 
C:\Users\Prasanth 
S\Smart Education\pac
kage-lock.json

Γû▓ Next.js 16.1.1 (Turbopack)

  Creating an optimized production build ...
Error: Cannot apply 
unknown utility 
class 
`border-border`. Are 
you using CSS 
modules or similar 
and missing 
`@reference`? https:/
/tailwindcss.com/docs
/functions-and-direct
ives#reference-direct
ive
    [2m[at 
onInvalidCandidate 
(C:\Users\Prasanth 
S\Smart Education\nod
e_modules\tailwindcss
\dist\lib.js:21:1314)
][0m
    [2m[at Te 
(C:\Users\Prasanth 
S\Smart Education\nod
e_modules\tailwindcss
\dist\lib.js:16:36652
)][0m
    [2m[at 
C:\Users\Prasanth 
S\Smart Education\nod
e_modules\tailwindcss
\dist\lib.js:21:355]
[0m
    [2m[at Rr 
(C:\Users\Prasanth 
S\Smart Education\nod
e_modules\tailwindcss
\dist\lib.js:3:1718)]
[0m
    [2m[at _ 
(C:\Users\Prasanth 
S\Smart Education\nod
e_modules\tailwindcss
\dist\lib.js:3:1377)]
[0m
    [2m[at $e 
(C:\Users\Prasanth 
S\Smart Education\nod
e_modules\tailwindcss
\dist\lib.js:21:172)]
[0m
    [2m[at un 
(C:\Users\Prasanth 
S\Smart Education\nod
e_modules\tailwindcss
\dist\lib.js:38:294)]
[0m
    [2m[at process.p
rocessTicksAndRejecti
ons (node:internal/pr
ocess/task_queues:103
:5)][0m
    [2m[at async cn 
(C:\Users\Prasanth 
S\Smart Education\nod
e_modules\tailwindcss
\dist\lib.js:38:631)]
[0m
    [2m[at async Xr 
(C:\Users\Prasanth 
S\Smart Education\nod
e_modules\@tailwindcs
s\node\dist\index.js:
10:3417)][0m

> Build error 
occurred
Error: Turbopack 
build failed with 1 
errors:
./Smart Education/src
/app/globals.css
Error evaluating 
Node.js code
CssSyntaxError: 
tailwindcss: 
C:\Users\Prasanth 
S\Smart Education\src
\app\globals.css:1:1:
 Cannot apply 
unknown utility 
class 
`border-border`. Are 
you using CSS 
modules or similar 
and missing 
`@reference`? https:/
/tailwindcss.com/docs
/functions-and-direct
ives#reference-direct
ive
    at Input.error 
(Smart Education/node
_modules/postcss/lib/
input.js:135:16) 
[C:\Users\Prasanth 
S\Smart Education\.ne
xt\build\chunks\0e6da
_8e67cc08._.js:4651:2
2]
    at Root.error 
(Smart Education/node
_modules/postcss/lib/
node.js:146:32) 
[C:\Users\Prasanth 
S\Smart Education\.ne
xt\build\chunks\0e6da
_8e67cc08._.js:928:38
]
    [at Object.Once 
(C:\Users\Prasanth 
S\Smart Education\nod
e_modules\@tailwindcs
s\postcss\dist\index.
js:10:6911)]
    [at process.proce
ssTicksAndRejections 
(node:internal/proces
s/task_queues:103:5)]
    at async 
LazyResult.runAsync 
(Smart Education/node
_modules/postcss/lib/
lazy-result.js:293:11
) [C:\Users\Prasanth 
S\Smart Education\.ne
xt\build\chunks\0e6da
_8e67cc08._.js:6206:2
1]
    at async 
transform (turbopack:
///[turbopack-node]/t
ransforms/postcss.ts:
70:34) 
[C:\Users\Prasanth 
S\Smart Education\.ne
xt\build\chunks\[root
-of-the-server]__8786
de2a._.js:146:36]
    at async run (tur
bopack:///[turbopack-
node]/ipc/evaluate.ts
:92:23) 
[C:\Users\Prasanth 
S\Smart Education\.ne
xt\build\chunks\[root
-of-the-server]__dea6
a5d7._.js:443:31]

Import trace:
  Client Component 
Browser:
    ./Smart Education
/src/app/globals.css 
[Client Component 
Browser]
    ./Smart Education
/src/app/layout.tsx 
[Server Component]


    at async 
transform (turbopack:
///[turbopack-node]/t
ransforms/postcss.ts:
70:34) 
[C:\Users\Prasanth 
S\Smart Education\.ne
xt\build\chunks\[root
-of-the-server]__8786
de2a._.js:146:36])
    at async run (tur
bopack:///[turbopack-
node]/ipc/evaluate.ts
:92:23) 
[C:\Users\Prasanth 
S\Smart Education\.ne
xt\build\chunks\[root
-of-the-server]__dea6
a5d7._.js:443:31])
