src/app/api/analyze-mood/route.ts(32,71): error TS6234: This expression is not callable because it is a 'get' accessor. Did you mean to use it without '()'?
  Type 'never' has no call signatures.
